2026-08-09 18:11:53,244 INFO Decision Engine ready
2026-08-09 18:11:54,601 ERROR Invalid classifier output
Traceback (most recent call last):
  File "/home/ubuntu/hermes-decision-engine/decision_engine/engine.py", line 103, in classify
    return json.loads(content)
           ^^^^^^^^^^^^^^^^^^^
  File "/home/ubuntu/.local/share/uv/python/cpython-3.11.15-linux-aarch64-gnu/lib/python3.11/json/__init__.py", line 346, in loads
    return _default_decoder.decode(s)
           ^^^^^^^^^^^^^^^^^^^^^^^^^^
  File "/home/ubuntu/.local/share/uv/python/cpython-3.11.15-linux-aarch64-gnu/lib/python3.11/json/decoder.py", line 337, in decode
    obj, end = self.raw_decode(s, idx=_w(s, 0).end())
               ^^^^^^^^^^^^^^^^^^^^^^^^^^^^^^^^^^^^^^
  File "/home/ubuntu/.local/share/uv/python/cpython-3.11.15-linux-aarch64-gnu/lib/python3.11/json/decoder.py", line 353, in raw_decode
    obj, end = self.scan_once(s, idx)
               ^^^^^^^^^^^^^^^^^^^^^^
json.decoder.JSONDecodeError: Expecting property name enclosed in double quotes: line 6 column 5 (char 93)
2026-08-09 18:11:57,252 ERROR Invalid classifier output
Traceback (most recent call last):
  File "/home/ubuntu/hermes-decision-engine/decision_engine/engine.py", line 103, in classify
    return json.loads(content)
           ^^^^^^^^^^^^^^^^^^^
  File "/home/ubuntu/.local/share/uv/python/cpython-3.11.15-linux-aarch64-gnu/lib/python3.11/json/__init__.py", line 346, in loads
    return _default_decoder.decode(s)
           ^^^^^^^^^^^^^^^^^^^^^^^^^^
  File "/home/ubuntu/.local/share/uv/python/cpython-3.11.15-linux-aarch64-gnu/lib/python3.11/json/decoder.py", line 337, in decode
    obj, end = self.raw_decode(s, idx=_w(s, 0).end())
               ^^^^^^^^^^^^^^^^^^^^^^^^^^^^^^^^^^^^^^
  File "/home/ubuntu/.local/share/uv/python/cpython-3.11.15-linux-aarch64-gnu/lib/python3.11/json/decoder.py", line 353, in raw_decode
    obj, end = self.scan_once(s, idx)
               ^^^^^^^^^^^^^^^^^^^^^^
json.decoder.JSONDecodeError: Expecting property name enclosed in double quotes: line 6 column 5 (char 93)
2026-08-09 18:28:01,781 INFO Decision Engine ready
2026-08-09 18:32:34,171 INFO Decision Engine ready
2026-08-09 18:32:35,724 ERROR Invalid classifier output
Traceback (most recent call last):
  File "/home/ubuntu/hermes-decision-engine/decision_engine/engine.py", line 109, in classify
    return json.loads(content)
           ^^^^^^^^^^^^^^^^^^^
  File "/home/ubuntu/.local/share/uv/python/cpython-3.11.15-linux-aarch64-gnu/lib/python3.11/json/__init__.py", line 346, in loads
    return _default_decoder.decode(s)
           ^^^^^^^^^^^^^^^^^^^^^^^^^^
  File "/home/ubuntu/.local/share/uv/python/cpython-3.11.15-linux-aarch64-gnu/lib/python3.11/json/decoder.py", line 337, in decode
    obj, end = self.raw_decode(s, idx=_w(s, 0).end())
               ^^^^^^^^^^^^^^^^^^^^^^^^^^^^^^^^^^^^^^
  File "/home/ubuntu/.local/share/uv/python/cpython-3.11.15-linux-aarch64-gnu/lib/python3.11/json/decoder.py", line 353, in raw_decode
    obj, end = self.scan_once(s, idx)
               ^^^^^^^^^^^^^^^^^^^^^^
json.decoder.JSONDecodeError: Unterminated string starting at: line 1 column 65 (char 64)
2026-08-09 18:32:37,293 ERROR Invalid classifier output
Traceback (most recent call last):
  File "/home/ubuntu/hermes-decision-engine/decision_engine/engine.py", line 109, in classify
    return json.loads(content)
           ^^^^^^^^^^^^^^^^^^^
  File "/home/ubuntu/.local/share/uv/python/cpython-3.11.15-linux-aarch64-gnu/lib/python3.11/json/__init__.py", line 346, in loads
    return _default_decoder.decode(s)
           ^^^^^^^^^^^^^^^^^^^^^^^^^^
  File "/home/ubuntu/.local/share/uv/python/cpython-3.11.15-linux-aarch64-gnu/lib/python3.11/json/decoder.py", line 337, in decode
    obj, end = self.raw_decode(s, idx=_w(s, 0).end())
               ^^^^^^^^^^^^^^^^^^^^^^^^^^^^^^^^^^^^^^
  File "/home/ubuntu/.local/share/uv/python/cpython-3.11.15-linux-aarch64-gnu/lib/python3.11/json/decoder.py", line 353, in raw_decode
    obj, end = self.scan_once(s, idx)
               ^^^^^^^^^^^^^^^^^^^^^^
json.decoder.JSONDecodeError: Unterminated string starting at: line 1 column 65 (char 64)
2026-08-09 18:33:13,064 INFO Decision Engine ready
2026-08-09 18:33:14,615 ERROR Invalid classifier output
Traceback (most recent call last):
  File "/home/ubuntu/hermes-decision-engine/decision_engine/engine.py", line 116, in classify
    return json.loads(content)
           ^^^^^^^^^^^^^^^^^^^
  File "/home/ubuntu/.local/share/uv/python/cpython-3.11.15-linux-aarch64-gnu/lib/python3.11/json/__init__.py", line 346, in loads
    return _default_decoder.decode(s)
           ^^^^^^^^^^^^^^^^^^^^^^^^^^
  File "/home/ubuntu/.local/share/uv/python/cpython-3.11.15-linux-aarch64-gnu/lib/python3.11/json/decoder.py", line 337, in decode
    obj, end = self.raw_decode(s, idx=_w(s, 0).end())
               ^^^^^^^^^^^^^^^^^^^^^^^^^^^^^^^^^^^^^^
  File "/home/ubuntu/.local/share/uv/python/cpython-3.11.15-linux-aarch64-gnu/lib/python3.11/json/decoder.py", line 353, in raw_decode
    obj, end = self.scan_once(s, idx)
               ^^^^^^^^^^^^^^^^^^^^^^
json.decoder.JSONDecodeError: Unterminated string starting at: line 1 column 65 (char 64)
2026-08-09 18:33:16,158 ERROR Invalid classifier output
Traceback (most recent call last):
  File "/home/ubuntu/hermes-decision-engine/decision_engine/engine.py", line 116, in classify
    return json.loads(content)
           ^^^^^^^^^^^^^^^^^^^
  File "/home/ubuntu/.local/share/uv/python/cpython-3.11.15-linux-aarch64-gnu/lib/python3.11/json/__init__.py", line 346, in loads
    return _default_decoder.decode(s)
           ^^^^^^^^^^^^^^^^^^^^^^^^^^
  File "/home/ubuntu/.local/share/uv/python/cpython-3.11.15-linux-aarch64-gnu/lib/python3.11/json/decoder.py", line 337, in decode
    obj, end = self.raw_decode(s, idx=_w(s, 0).end())
               ^^^^^^^^^^^^^^^^^^^^^^^^^^^^^^^^^^^^^^
  File "/home/ubuntu/.local/share/uv/python/cpython-3.11.15-linux-aarch64-gnu/lib/python3.11/json/decoder.py", line 353, in raw_decode
    obj, end = self.scan_once(s, idx)
               ^^^^^^^^^^^^^^^^^^^^^^
json.decoder.JSONDecodeError: Unterminated string starting at: line 1 column 65 (char 64)
2026-08-09 18:33:31,076 INFO Decision Engine ready
2026-08-09 18:33:31,120 INFO Decision Engine ready
2026-08-09 18:33:32,686 ERROR Invalid classifier output
Traceback (most recent call last):
  File "/home/ubuntu/hermes-decision-engine/decision_engine/engine.py", line 116, in classify
    return json.loads(content)
           ^^^^^^^^^^^^^^^^^^^
  File "/home/ubuntu/.local/share/uv/python/cpython-3.11.15-linux-aarch64-gnu/lib/python3.11/json/__init__.py", line 346, in loads
    return _default_decoder.decode(s)
           ^^^^^^^^^^^^^^^^^^^^^^^^^^
  File "/home/ubuntu/.local/share/uv/python/cpython-3.11.15-linux-aarch64-gnu/lib/python3.11/json/decoder.py", line 337, in decode
    obj, end = self.raw_decode(s, idx=_w(s, 0).end())
               ^^^^^^^^^^^^^^^^^^^^^^^^^^^^^^^^^^^^^^
  File "/home/ubuntu/.local/share/uv/python/cpython-3.11.15-linux-aarch64-gnu/lib/python3.11/json/decoder.py", line 353, in raw_decode
    obj, end = self.scan_once(s, idx)
               ^^^^^^^^^^^^^^^^^^^^^^
json.decoder.JSONDecodeError: Unterminated string starting at: line 1 column 65 (char 64)
2026-08-09 18:33:34,221 ERROR Invalid classifier output
Traceback (most recent call last):
  File "/home/ubuntu/hermes-decision-engine/decision_engine/engine.py", line 116, in classify
    return json.loads(content)
           ^^^^^^^^^^^^^^^^^^^
  File "/home/ubuntu/.local/share/uv/python/cpython-3.11.15-linux-aarch64-gnu/lib/python3.11/json/__init__.py", line 346, in loads
    return _default_decoder.decode(s)
           ^^^^^^^^^^^^^^^^^^^^^^^^^^
  File "/home/ubuntu/.local/share/uv/python/cpython-3.11.15-linux-aarch64-gnu/lib/python3.11/json/decoder.py", line 337, in decode
    obj, end = self.raw_decode(s, idx=_w(s, 0).end())
               ^^^^^^^^^^^^^^^^^^^^^^^^^^^^^^^^^^^^^^
  File "/home/ubuntu/.local/share/uv/python/cpython-3.11.15-linux-aarch64-gnu/lib/python3.11/json/decoder.py", line 353, in raw_decode
    obj, end = self.scan_once(s, idx)
               ^^^^^^^^^^^^^^^^^^^^^^
json.decoder.JSONDecodeError: Unterminated string starting at: line 1 column 65 (char 64)
